[00] look_at_obj_in_light             won=0 rank=0/max0/K4 ctrl=0@None acts=50 dist=23 rep=7 inval=15 vrate=0.70 tok=2281
[01] pick_clean_then_place_in_recep   won=1 rank=0/max5/K6 ctrl=1@1 acts=6 dist=6 rep=1 inval=0 vrate=1.00 tok=1325
[02] pick_and_place_simple            won=1 rank=0/max3/K4 ctrl=1@1 acts=4 dist=4 rep=1 inval=0 vrate=1.00 tok=1138
[03] pick_cool_then_place_in_recep    won=1 rank=0/max3/K6 ctrl=1@37 acts=43 dist=30 rep=10 inval=13 vrate=0.70 tok=2277
[04] look_at_obj_in_light             won=1 rank=3/max3/K4 ctrl=1@6 acts=9 dist=8 rep=1 inval=0 vrate=1.00 tok=1310
[05] pick_heat_then_place_in_recep    won=0 rank=0/max0/K6 ctrl=0@None acts=50 dist=20 rep=1 inval=6 vrate=0.88 tok=2560
[06] pick_clean_then_place_in_recep   won=1 rank=4/max4/K6 ctrl=1@16 acts=19 dist=19 rep=1 inval=0 vrate=1.00 tok=1711
[07] pick_cool_then_place_in_recep    won=1 rank=1/max5/K6 ctrl=1@1 acts=7 dist=7 rep=1 inval=0 vrate=1.00 tok=1324
[08] pick_clean_then_place_in_recep   won=1 rank=0/max5/K6 ctrl=1@2 acts=8 dist=7 rep=1 inval=0 vrate=1.00 tok=1238
[09] pick_and_place_simple            won=1 rank=0/max3/K4 ctrl=1@1 acts=5 dist=5 rep=1 inval=0 vrate=1.00 tok=1292
[10] pick_and_place_simple            won=1 rank=0/max3/K4 ctrl=1@35 acts=38 dist=17 rep=17 inval=20 vrate=0.47 tok=1838
[11] look_at_obj_in_light             won=1 rank=3/max3/K4 ctrl=1@4 acts=6 dist=5 rep=1 inval=0 vrate=1.00 tok=1206
[12] pick_cool_then_place_in_recep    won=1 rank=1/max5/K6 ctrl=1@4 acts=9 dist=9 rep=1 inval=0 vrate=1.00 tok=1389
[13] pick_clean_then_place_in_recep   won=0 rank=0/max0/K6 ctrl=0@None acts=50 dist=12 rep=10 inval=25 vrate=0.50 tok=2063
[14] pick_heat_then_place_in_recep    won=0 rank=0/max4/K6 ctrl=1@44 acts=50 dist=41 rep=1 inval=3 vrate=0.94 tok=2710
[15] pick_cool_then_place_in_recep    won=1 rank=0/max5/K6 ctrl=1@13 acts=18 dist=17 rep=1 inval=0 vrate=1.00 tok=1767
[16] pick_clean_then_place_in_recep   won=0 rank=0/max0/K6 ctrl=0@None acts=50 dist=22 rep=6 inval=18 vrate=0.64 tok=2280
[17] pick_two_obj_and_place           won=0 rank=0/max0/K8 ctrl=0@None acts=50 dist=34 rep=11 inval=16 vrate=0.68 tok=2270
[18] pick_heat_then_place_in_recep    won=1 rank=0/max5/K6 ctrl=1@3 acts=10 dist=9 rep=1 inval=0 vrate=1.00 tok=1388
[19] pick_heat_then_place_in_recep    won=0 rank=0/max0/K6 ctrl=0@None acts=50 dist=34 rep=2 inval=1 vrate=0.98 tok=3435

W32 = 14/20   full_task_success = 13/20
