[00] look_at_obj_in_light             won=0 rank=1/max1/K4 ctrl=1@1 acts=50 inval=0 snap=25 rep=1 tok=3452
[01] pick_and_place_simple            won=0 rank=0/max0/K4 ctrl=0@None acts=50 inval=47 snap=0 rep=48 tok=1471
[02] pick_and_place_simple            won=0 rank=0/max0/K4 ctrl=0@None acts=50 inval=47 snap=0 rep=48 tok=1451
[03] look_at_obj_in_light             won=0 rank=0/max0/K4 ctrl=0@None acts=50 inval=0 snap=25 rep=1 tok=3232
[04] pick_clean_then_place_in_recep   won=0 rank=0/max1/K6 ctrl=1@1 acts=50 inval=47 snap=0 rep=36 tok=1417
[05] pick_clean_then_place_in_recep   won=0 rank=0/max0/K6 ctrl=0@None acts=50 inval=48 snap=0 rep=49 tok=1468
[06] pick_clean_then_place_in_recep   won=0 rank=0/max1/K6 ctrl=1@1 acts=50 inval=48 snap=0 rep=39 tok=1407
[07] pick_cool_then_place_in_recep    won=0 rank=0/max0/K6 ctrl=0@None acts=50 inval=48 snap=0 rep=49 tok=1472
[08] pick_cool_then_place_in_recep    won=0 rank=0/max0/K6 ctrl=0@None acts=50 inval=45 snap=0 rep=46 tok=1560
[09] pick_clean_then_place_in_recep   won=0 rank=0/max0/K6 ctrl=0@None acts=50 inval=47 snap=0 rep=48 tok=1537
[10] pick_cool_then_place_in_recep    won=0 rank=1/max1/K6 ctrl=1@2 acts=50 inval=48 snap=0 rep=49 tok=1531
[11] pick_clean_then_place_in_recep   won=0 rank=0/max0/K6 ctrl=0@None acts=50 inval=38 snap=0 rep=19 tok=1763
[12] pick_two_obj_and_place           won=0 rank=0/max0/K8 ctrl=0@None acts=50 inval=48 snap=0 rep=49 tok=1385
[13] pick_clean_then_place_in_recep   won=0 rank=0/max1/K6 ctrl=1@1 acts=50 inval=48 snap=0 rep=34 tok=1480
[14] pick_clean_then_place_in_recep   won=0 rank=0/max0/K6 ctrl=0@None acts=50 inval=47 snap=0 rep=46 tok=1518
[15] pick_heat_then_place_in_recep    won=0 rank=3/max3/K6 ctrl=1@1 acts=50 inval=46 snap=0 rep=46 tok=1498
[16] look_at_obj_in_light             won=0 rank=0/max1/K4 ctrl=1@1 acts=50 inval=0 snap=25 rep=1 tok=2957
[17] pick_and_place_simple            won=0 rank=0/max0/K4 ctrl=0@None acts=50 inval=45 snap=0 rep=46 tok=1529
[18] pick_heat_then_place_in_recep    won=0 rank=0/max1/K6 ctrl=1@1 acts=50 inval=44 snap=0 rep=45 tok=1596
[19] pick_heat_then_place_in_recep    won=0 rank=0/max0/K6 ctrl=0@None acts=50 inval=38 snap=0 rep=19 tok=1825

W = 8/20   full_task_success = 0/20
